   1               		.file	"main.c"
   2               	__SREG__ = 0x3f
   3               	__SP_H__ = 0x3e
   4               	__SP_L__ = 0x3d
   5               	__CCP__  = 0x34
   6               	__tmp_reg__ = 0
   7               	__zero_reg__ = 1
  15               	.Ltext0:
  16               	.global	__vector_11
  18               	__vector_11:
  19               	.LFB6:
  20               	.LM1:
  21 0000 1F92      		push __zero_reg__
  22 0002 0F92      		push r0
  23 0004 0FB6      		in r0,__SREG__
  24 0006 0F92      		push r0
  25 0008 1124      		clr __zero_reg__
  26 000a 8F93      		push r24
  27 000c 9F93      		push r25
  28               	/* prologue: Signal */
  29               	/* frame size = 0 */
  30               	.LM2:
  31 000e 8091 0000 		lds r24,TimerOverflow
  32 0012 9091 0000 		lds r25,(TimerOverflow)+1
  33 0016 0196      		adiw r24,1
  34 0018 9093 0000 		sts (TimerOverflow)+1,r25
  35 001c 8093 0000 		sts TimerOverflow,r24
  36               	/* epilogue start */
  37               	.LM3:
  38 0020 9F91      		pop r25
  39 0022 8F91      		pop r24
  40 0024 0F90      		pop r0
  41 0026 0FBE      		out __SREG__,r0
  42 0028 0F90      		pop r0
  43 002a 1F90      		pop __zero_reg__
  44 002c 1895      		reti
  45               	.LFE6:
  47               	.global	distance_cal
  49               	distance_cal:
  50               	.LFB8:
  51               	.LM4:
  52               	.LVL0:
  53               	/* prologue: function */
  54               	/* frame size = 0 */
  55 002e 782F      		mov r23,r24
  56               	.LM5:
  57 0030 12BE      		out 82-32,__zero_reg__
  58               	.LM6:
  59 0032 83B7      		in r24,83-32
  60               	.LVL1:
  61 0034 8260      		ori r24,lo8(2)
  62 0036 83BF      		out 83-32,r24
  63               	.LM7:
  64 0038 81E0      		ldi r24,lo8(1)
  65 003a 89BF      		out 89-32,r24
  66               	.LM8:
  67               	/* #APP */
  68               	 ;  60 "main.c" 1
  69 003c 7894      		sei
  70               	 ;  0 "" 2
  71               	/* #NOAPP */
  72 003e 84EF      		ldi r24,lo8(500)
  73 0040 91E0      		ldi r25,hi8(500)
  74               	.LVL2:
  75               	.LBB52:
  76               	.LBB53:
  77               	.LBB54:
  78               	.LBB55:
  79               	.LM9:
  80 0042 28EC      		ldi r18,lo8(200)
  81 0044 30E0      		ldi r19,hi8(200)
  82               	.L4:
  83 0046 F901      		movw r30,r18
  84               	.LVL3:
  85               	/* #APP */
  86               	 ;  105 "c:/winavr-20100110/lib/gcc/../../avr/include/util/delay_basic.h" 1
  87 0048 3197      		1: sbiw r30,1
  88 004a 01F4      		brne 1b
  89               	 ;  0 "" 2
  90               	/* #NOAPP */
  91               	.LBE55:
  92               	.LBE54:
  93               	.LM10:
  94 004c 0197      		sbiw r24,1
  95               	.LM11:
  96 004e 01F4      		brne .L4
  97               	.LBE53:
  98               	.LBE52:
  99               	.LM12:
 100 0050 18BA      		out 56-32,__zero_reg__
 101               	.LBB56:
 102               	.LBB57:
 103               	.LBB58:
 104               	.LBB59:
 105               	.LM13:
 106 0052 3AE1      		ldi r19,lo8(26)
 107 0054 832F      		mov r24,r19
 108               	.LVL4:
 109               	/* #APP */
 110               	 ;  83 "c:/winavr-20100110/lib/gcc/../../avr/include/util/delay_basic.h" 1
 111 0056 8A95      		1: dec r24
 112 0058 01F4      		brne 1b
 113               	 ;  0 "" 2
 114               	/* #NOAPP */
 115               	.LBE59:
 116               	.LBE58:
 117               	.LBE57:
 118               	.LBE56:
 119               	.LM14:
 120 005a 28B3      		in r18,56-32
 121 005c 41E0      		ldi r20,lo8(1)
 122 005e 50E0      		ldi r21,hi8(1)
 123 0060 CA01      		movw r24,r20
 124               	.LVL5:
 125 0062 00C0      		rjmp 2f
 126 0064 880F      	1:	lsl r24
 127 0066 991F      		rol r25
 128 0068 7A95      	2:	dec r23
 129 006a 02F4      		brpl 1b
 130 006c 282B      		or r18,r24
 131 006e 28BB      		out 56-32,r18
 132               	.LBB60:
 133               	.LBB61:
 134               	.LBB62:
 135               	.LBB63:
 136               	.LM15:
 137               	/* #APP */
 138               	 ;  83 "c:/winavr-20100110/lib/gcc/../../avr/include/util/delay_basic.h" 1
 139 0070 3A95      		1: dec r19
 140 0072 01F4      		brne 1b
 141               	 ;  0 "" 2
 142               	.LVL6:
 143               	/* #NOAPP */
 144               	.LBE63:
 145               	.LBE62:
 146               	.LBE61:
 147               	.LBE60:
 148               	.LM16:
 149 0074 28B3      		in r18,56-32
 150 0076 8095      		com r24
 151 0078 8223      		and r24,r18
 152 007a 88BB      		out 56-32,r24
 153 007c 00C0      		rjmp 2f
 154 007e 440F      	1:	lsl r20
 155 0080 551F      		rol r21
 156 0082 6A95      	2:	dec r22
 157 0084 02F4      		brpl 1b
 158               	.L5:
 159               	.LM17:
 160 0086 86B3      		in r24,54-32
 161 0088 90E0      		ldi r25,lo8(0)
 162 008a 8423      		and r24,r20
 163 008c 9523      		and r25,r21
 164 008e 892B      		or r24,r25
 165 0090 01F0      		breq .L5
 166               	.LM18:
 167 0092 12BE      		out 82-32,__zero_reg__
 168               	.LM19:
 169 0094 1092 0000 		sts (TimerOverflow)+1,__zero_reg__
 170 0098 1092 0000 		sts TimerOverflow,__zero_reg__
 171               	.L6:
 172               	.LM20:
 173 009c 86B3      		in r24,54-32
 174 009e 90E0      		ldi r25,lo8(0)
 175 00a0 8423      		and r24,r20
 176 00a2 9523      		and r25,r21
 177 00a4 892B      		or r24,r25
 178 00a6 01F4      		brne .L6
 179               	.LM21:
 180 00a8 22B7      		in r18,82-32
 181 00aa 30E0      		ldi r19,lo8(0)
 182               	.LVL7:
 183               	.LM22:
 184 00ac 8091 0000 		lds r24,TimerOverflow
 185 00b0 9091 0000 		lds r25,(TimerOverflow)+1
 186               	.LVL8:
 187               	.LM23:
 188               	/* #APP */
 189               	 ;  91 "main.c" 1
 190 00b4 F894      		cli
 191               	 ;  0 "" 2
 192               	/* #NOAPP */
 193 00b6 982F      		mov r25,r24
 194 00b8 8827      		clr r24
 195               	.LVL9:
 196 00ba 820F      		add r24,r18
 197 00bc 931F      		adc r25,r19
 198               	.LVL10:
 199 00be 6AE3      		ldi r22,lo8(58)
 200 00c0 70E0      		ldi r23,hi8(58)
 201               	.LVL11:
 202 00c2 0E94 0000 		call __divmodhi4
 203 00c6 8827      		clr r24
 204 00c8 77FD      		sbrc r23,7
 205 00ca 8095      		com r24
 206 00cc 982F      		mov r25,r24
 207 00ce 0E94 0000 		call __floatsisf
 208               	.LVL12:
 209 00d2 0E94 0000 		call __fixsfsi
 210               	.LM24:
 211 00d6 CB01      		movw r24,r22
 212               	/* epilogue start */
 213 00d8 0895      		ret
 214               	.LFE8:
 216               	.global	main
 218               	main:
 219               	.LFB7:
 220               	.LM25:
 221 00da 1F93      		push r17
 222 00dc CF93      		push r28
 223 00de DF93      		push r29
 224               	/* prologue: function */
 225               	/* frame size = 0 */
 226               	.LM26:
 227 00e0 88EA      		ldi r24,lo8(-88)
 228 00e2 87BB      		out 55-32,r24
 229               	.LM27:
 230 00e4 8FEF      		ldi r24,lo8(-1)
 231 00e6 84BB      		out 52-32,r24
 232               	.LM28:
 233 00e8 10E2      		ldi r17,lo8(32)
 234               	.LBB64:
 235               	.LBB65:
 236               	.LBB66:
 237               	.LBB67:
 238               	.LM29:
 239 00ea C8EC      		ldi r28,lo8(200)
 240 00ec D0E0      		ldi r29,hi8(200)
 241               	.LVL13:
 242               	.L22:
 243               	.LBE67:
 244               	.LBE66:
 245               	.LBE65:
 246               	.LBE64:
 247               	.LM30:
 248 00ee 87E0      		ldi r24,lo8(7)
 249 00f0 90E0      		ldi r25,hi8(7)
 250               	.LVL14:
 251 00f2 66E0      		ldi r22,lo8(6)
 252 00f4 70E0      		ldi r23,hi8(6)
 253 00f6 0E94 0000 		call distance_cal
 254               	.LVL15:
 255               	.LM31:
 256 00fa AA27      		clr r26
 257 00fc 97FD      		sbrc r25,7
 258 00fe A095      		com r26
 259 0100 BA2F      		mov r27,r26
 260 0102 BC01      		movw r22,r24
 261 0104 CD01      		movw r24,r26
 262 0106 0E94 0000 		call __floatsisf
 263 010a 20E0      		ldi r18,lo8(0x41200000)
 264 010c 30E0      		ldi r19,hi8(0x41200000)
 265 010e 40E2      		ldi r20,hlo8(0x41200000)
 266 0110 51E4      		ldi r21,hhi8(0x41200000)
 267 0112 0E94 0000 		call __lesf2
 268 0116 1816      		cp __zero_reg__,r24
 269 0118 04F0      		brlt .L21
 270               	.LM32:
 271 011a 1ABB      		out 58-32,r17
 272               	.LM33:
 273 011c 1BBB      		out 59-32,r17
 274 011e 88EE      		ldi r24,lo8(1000)
 275 0120 93E0      		ldi r25,hi8(1000)
 276               	.LVL16:
 277               	.L14:
 278               	.LBB71:
 279               	.LBB70:
 280               	.LBB69:
 281               	.LBB68:
 282               	.LM34:
 283 0122 FE01      		movw r30,r28
 284               	.LVL17:
 285               	/* #APP */
 286               	 ;  105 "c:/winavr-20100110/lib/gcc/../../avr/include/util/delay_basic.h" 1
 287 0124 3197      		1: sbiw r30,1
 288 0126 01F4      		brne 1b
 289               	 ;  0 "" 2
 290               	/* #NOAPP */
 291               	.LBE68:
 292               	.LBE69:
 293               	.LM35:
 294 0128 0197      		sbiw r24,1
 295               	.LM36:
 296 012a 01F4      		brne .L14
 297               	.LBE70:
 298               	.LBE71:
 299               	.LM37:
 300 012c 1BBA      		out 59-32,__zero_reg__
 301 012e 88EE      		ldi r24,lo8(1000)
 302 0130 93E0      		ldi r25,hi8(1000)
 303               	.LVL18:
 304               	.L15:
 305               	.LBB72:
 306               	.LBB73:
 307               	.LBB74:
 308               	.LBB75:
 309               	.LM38:
 310 0132 FE01      		movw r30,r28
 311               	.LVL19:
 312               	/* #APP */
 313               	 ;  105 "c:/winavr-20100110/lib/gcc/../../avr/include/util/delay_basic.h" 1
 314 0134 3197      		1: sbiw r30,1
 315 0136 01F4      		brne 1b
 316               	 ;  0 "" 2
 317               	/* #NOAPP */
 318               	.LBE75:
 319               	.LBE74:
 320               	.LM39:
 321 0138 0197      		sbiw r24,1
 322               	.LM40:
 323 013a 01F4      		brne .L15
 324 013c 00C0      		rjmp .L22
 325               	.LVL20:
 326               	.L21:
 327               	.LBE73:
 328               	.LBE72:
 329               	.LM41:
 330 013e 1ABA      		out 58-32,__zero_reg__
 331               	.LM42:
 332 0140 1BBA      		out 59-32,__zero_reg__
 333 0142 00C0      		rjmp .L22
 334               	.LFE7:
 336               	.global	TimerOverflow
 337               	.global	TimerOverflow
 338               		.section .bss
 341               	TimerOverflow:
 342 0000 0000      		.skip 2,0
 383               	.Letext0:
DEFINED SYMBOLS
                            *ABS*:00000000 main.c
C:\Users\ansal\AppData\Local\Temp/cc4xrIBb.s:2      *ABS*:0000003f __SREG__
C:\Users\ansal\AppData\Local\Temp/cc4xrIBb.s:3      *ABS*:0000003e __SP_H__
C:\Users\ansal\AppData\Local\Temp/cc4xrIBb.s:4      *ABS*:0000003d __SP_L__
C:\Users\ansal\AppData\Local\Temp/cc4xrIBb.s:5      *ABS*:00000034 __CCP__
C:\Users\ansal\AppData\Local\Temp/cc4xrIBb.s:6      *ABS*:00000000 __tmp_reg__
C:\Users\ansal\AppData\Local\Temp/cc4xrIBb.s:7      *ABS*:00000001 __zero_reg__
C:\Users\ansal\AppData\Local\Temp/cc4xrIBb.s:18     .text:00000000 __vector_11
C:\Users\ansal\AppData\Local\Temp/cc4xrIBb.s:341    .bss:00000000 TimerOverflow
C:\Users\ansal\AppData\Local\Temp/cc4xrIBb.s:49     .text:0000002e distance_cal
C:\Users\ansal\AppData\Local\Temp/cc4xrIBb.s:218    .text:000000da main

UNDEFINED SYMBOLS
__divmodhi4
__floatsisf
__fixsfsi
__lesf2
__do_clear_bss
